2026-06-18 14:47:30.734 [AUDIT] action=EdgeRule target=测试一下 detail=active:Low 0
2026-06-18 14:48:12.014 [AUDIT] action=EdgeRule target=测试一下 detail=clear:Low 1
2026-06-18 15:32:48.943 [AUDIT] action=EdgeRule target=测试一下 detail=active:Low 0
2026-06-18 15:36:04.923 [AUDIT] action=EdgeRule target=测试一下 detail=active:Low 0
2026-06-18 15:36:34.835 [AUDIT] action=EdgeRule target=流程规则 detail=active:High 111
2026-06-18 15:36:35.924 [AUDIT] action=EdgeRule target=测试一下 detail=active:High 111
2026-06-18 15:37:04.717 [AUDIT] action=EdgeRule target=流程规则 detail=active:High 111
2026-06-18 15:37:19.348 [AUDIT] action=EdgeRule target=流程规则 detail=clear:High 5
2026-06-18 15:43:19.125 [AUDIT] action=EdgeRule target=流程规则 detail=active:CombinationAnd 111
2026-06-18 15:44:34.229 [AUDIT] action=EdgeRule target=流程规则 detail=active:CombinationAnd 111
2026-06-18 15:44:49.621 [AUDIT] action=EdgeRule target=流程规则 detail=active:CombinationAnd 111
2026-06-18 16:10:41.056 [AUDIT] action=EdgeRule target=流程规则 detail=active:CombinationAnd 11
2026-06-18 16:11:42.273 [AUDIT] action=EdgeRule target=流程规则 detail=clear:CombinationAnd 0
2026-06-18 16:12:09.106 [AUDIT] action=EdgeRule target=流程规则 detail=active:CombinationAnd 12
2026-06-18 16:33:11.135 [AUDIT] action=EdgeRule target=流程规则 detail=active:HysteresisHigh 10
2026-06-18 16:33:47.268 [AUDIT] action=EdgeRule target=流程规则 detail=clear:HysteresisHigh 7
2026-06-18 16:35:05.938 [AUDIT] action=EdgeRule target=流程规则 detail=active:预警 10
2026-06-18 16:35:09.627 [AUDIT] action=EdgeRule target=流程规则 detail=active:HysteresisHigh 10
2026-06-18 16:35:19.085 [AUDIT] action=EdgeRule target=流程规则 detail=active:严重 21
2026-06-18 16:56:26.690 [AUDIT] action=EdgeRule target=流程规则 detail=active:Expression 101
2026-06-18 16:56:28.575 [AUDIT] action=EdgeRule target=流程规则 detail=active:High 101
2026-06-18 16:57:09.772 [AUDIT] action=EdgeRule target=流程规则 detail=active:Expression 101
2026-06-18 16:57:10.868 [AUDIT] action=EdgeRule target=流程规则 detail=active:High 101
2026-06-18 16:57:22.966 [AUDIT] action=EdgeRule target=流程规则 detail=clear:High 10
2026-06-18 16:57:22.967 [AUDIT] action=EdgeRule target=流程规则 detail=clear:Expression 10
